2026-09-26T06:42:31.298745Z  INFO forge_app: window placed monitor=Some("\\\\.\\DISPLAY2") x=-2560 y=0 monitors=2
2026-09-26T06:42:31.442659Z  INFO forge_gpu::device: mesh shaders left disabled (fallback paths forced)
2026-09-26T06:42:31.442674Z  INFO forge_gpu::device: selected GPU device=NVIDIA GeForce RTX 5070 Ti features=DeviceFeatures { mesh_shader: false, ray_query: true, sampler_minmax: true, memory_budget: true, index_type_uint8: true, int64_atomics: true }
2026-09-26T06:42:31.517425Z  INFO forge_gpu::device: queue families graphics=0 compute=Some(2) transfer=Some(1)
2026-09-26T06:42:31.529729Z  INFO forge_gpu::swapchain: swapchain created extent=Extent2D { width: 1600, height: 900 } present_mode=MAILBOX format=B8G8R8A8_SRGB images=3
2026-09-26T06:42:31.689438Z  INFO forge_gpu::shader: shader compiler slangc=C:\VulkanSDK\1.4.357.0\Bin\slangc.exe version=2026.13.1-1-g84792eb15
2026-09-26T06:42:31.705394Z  INFO forge_app::overlay: overlay font ready cell_w=9 cell_h=20
2026-09-26T06:42:31.715094Z  INFO forge_gpu::graph: render graph transients laid out transients=0 heap_bytes=0 requested_bytes=0 aliased=false
2026-09-26T06:42:31.861937Z  INFO city_blocks: prop ready prop=house-narrow triangles=516996 clusters=12460 levels=16 roots=2 fill=0.67 ms=10 from_cache=true
2026-09-26T06:42:31.861984Z  INFO city_blocks: prop ready prop=house-wide triangles=632360 clusters=15067 levels=14 roots=1 fill=0.68 ms=12 from_cache=true
2026-09-26T06:42:31.862030Z  INFO city_blocks: prop ready prop=corner-block triangles=1218700 clusters=29335 levels=15 roots=1 fill=0.67 ms=33 from_cache=true
2026-09-26T06:42:31.862062Z  INFO city_blocks: prop ready prop=terrace triangles=828024 clusters=19846 levels=14 roots=2 fill=0.67 ms=23 from_cache=true
2026-09-26T06:42:31.862116Z  INFO city_blocks: prop ready prop=apartments triangles=1515320 clusters=36583 levels=16 roots=2 fill=0.67 ms=40 from_cache=true
2026-09-26T06:42:31.862184Z  INFO city_blocks: prop ready prop=office triangles=2031844 clusters=49124 levels=15 roots=1 fill=0.67 ms=56 from_cache=true
2026-09-26T06:42:31.862259Z  INFO city_blocks: prop ready prop=hotel triangles=2224996 clusters=53950 levels=16 roots=1 fill=0.66 ms=61 from_cache=true
2026-09-26T06:42:31.862294Z  INFO city_blocks: prop ready prop=warehouse triangles=1004636 clusters=23955 levels=15 roots=1 fill=0.68 ms=29 from_cache=true
2026-09-26T06:42:31.862329Z  INFO city_blocks: prop ready prop=school triangles=925772 clusters=22145 levels=14 roots=2 fill=0.67 ms=21 from_cache=true
2026-09-26T06:42:31.862352Z  INFO city_blocks: prop ready prop=clinic triangles=614396 clusters=14775 levels=14 roots=1 fill=0.67 ms=13 from_cache=true
2026-09-26T06:42:31.862454Z  INFO city_blocks: prop ready prop=tower-slim triangles=2831692 clusters=68753 levels=16 roots=1 fill=0.66 ms=63 from_cache=true
2026-09-26T06:42:31.862572Z  INFO city_blocks: prop ready prop=tower-wide triangles=3020748 clusters=73848 levels=16 roots=2 fill=0.66 ms=74 from_cache=true
2026-09-26T06:42:31.862593Z  INFO city_blocks: prop ready prop=boulder-1 triangles=529200 clusters=12638 levels=14 roots=1 fill=0.67 ms=20 from_cache=true
2026-09-26T06:42:31.862625Z  INFO city_blocks: prop ready prop=boulder-2 triangles=750000 clusters=17887 levels=14 roots=1 fill=0.68 ms=21 from_cache=true
2026-09-26T06:42:31.862644Z  INFO city_blocks: prop ready prop=boulder-3 triangles=504300 clusters=12020 levels=13 roots=1 fill=0.68 ms=12 from_cache=true
2026-09-26T06:42:31.862665Z  INFO city_blocks: prop ready prop=rubble-1 triangles=559872 clusters=13337 levels=16 roots=3 fill=0.68 ms=13 from_cache=true
2026-09-26T06:42:31.862695Z  INFO city_blocks: prop ready prop=rubble-2 triangles=870912 clusters=20792 levels=16 roots=2 fill=0.68 ms=16 from_cache=true
2026-09-26T06:42:31.862756Z  INFO city_blocks: prop ready prop=column triangles=1839104 clusters=44750 levels=15 roots=1 fill=0.66 ms=44 from_cache=true
2026-09-26T06:42:31.862849Z  INFO city_blocks: prop ready prop=fountain triangles=2794400 clusters=68656 levels=16 roots=1 fill=0.66 ms=62 from_cache=true
2026-09-26T06:42:31.862872Z  INFO city_blocks: prop ready prop=lamp-post triangles=612352 clusters=15143 levels=14 roots=1 fill=0.65 ms=12 from_cache=true
2026-09-26T06:42:31.863115Z  INFO city_blocks: prop ready prop=terrain triangles=8000000 clusters=185814 levels=14 roots=173 fill=0.69 ms=155 from_cache=true
2026-09-26T06:42:31.879525Z  INFO forge_render::meshlet: depth pyramid created hzb_width=1024 hzb_height=512 mips=11
2026-09-26T06:42:31.879551Z  INFO forge_render::meshlet: depth pyramid created hzb_width=1024 hzb_height=512 mips=11
2026-09-26T06:42:31.882098Z  INFO forge_render::meshlet: meshlet renderer ready path="indirect-count fallback" visible_capacity=65536
2026-09-26T06:42:32.383658Z  INFO city_blocks: terrain heights samples=4004001 ms=199
2026-09-26T06:42:32.428270Z  INFO city_blocks: ground layers texels=4000 ms=44
2026-09-26T06:42:32.556380Z  INFO city_blocks: city textures textures=8 mib=10 ms=128
2026-09-26T06:42:33.207804Z  INFO city_blocks: cluster pages pages=7963 mib=995 streamed=false
2026-09-26T06:42:33.478617Z  INFO city_blocks: instances placed placed=1000000 buildings=2304 lamps=9600 plaza_props=180 rocks=987916 ms=2.6 checksum=4e10743a3499dc0e matches_cpu_mirror=true
2026-09-26T06:42:33.478640Z  INFO city_blocks: the scene's offset from the world's origin origin_m=0.0 f32_spacing_m=0.0001220703125
2026-09-26T06:42:33.490914Z  INFO city_blocks: acceleration structures blas_triangles=1394328 max_cut_error=1.200 mib=278 hit_data_mib=34 blas_ms=79 tlas_ms=11
2026-09-26T06:42:33.490932Z  INFO city_blocks: city ready instances=1000001 triangles=644610951012 clusters=15383048747 cook_ms=789 wall_ms=1582
2026-09-26T06:42:33.517650Z  INFO city_blocks: diffuse light probes probes=34560 cascades=5 spacing_m=4.0 rays=128 mib=84.9
2026-09-26T06:42:33.517842Z  INFO forge_app::loading: loaded prepared_ms=159 total_ms=1811
2026-09-26T06:42:33.517890Z  INFO forge_render::meshlet: cull work list reserved from=16384 to=1048576
2026-09-26T06:42:33.521357Z  INFO forge_gpu::graph: render graph transients laid out transients=9 heap_bytes=45875200 requested_bytes=72106496 aliased=true
2026-09-26T06:42:33.526261Z  INFO forge_render::meshlet: visible-cluster list grown wanted=1028242 from=65536 to=2097152 list_mib=16.0
2026-09-26T06:42:33.534471Z  INFO forge_render::meshlet: pass 2 reject list grown wanted=741920 from=65536 to=1048576
2026-09-26T06:42:33.604527Z  INFO city_blocks: sky light, per unit of sun illuminance roof=0.073 floor=0.286 wall_to_sun=0.203 wall_away=0.194 sun_on_roof=0.772
2026-09-26T06:42:33.857887Z  INFO city_blocks: probes lighting something per_cascade=6912 active=[0, 0, 11, 1334, 1156] moved=[0, 0, 0, 348, 335]
2026-09-26T06:42:33.877117Z  INFO forge_app: captured frame 120 path=../forge-engine/captures/after/fb-cityorbit120.png
2026-09-26T06:42:33.878443Z  INFO forge_app: memory: VRAM 2190.4 of 15227.0 MiB (14.4%); allocated 1866.89 MiB in 2147.4 MiB of blocks: geometry 1471.48, render targets 94.67, transient heap 43.75, textures 30.60, GPU work buffers 225.87, per-frame data 0.50, staging + readback 0.00, outside the allocator 144.1 MiB; uploads 2.10 KiB/frame (0.69 MiB/s), read back 51.02 KiB/frame
2026-09-26T06:42:33.878468Z  INFO forge_app: gpu: 2.801 ms per frame over 119 frames: geometry/meshlet pass 1 (visible last frame) 0.865, gi/probe rays [compute] 0.592, geometry/cluster cull 1 (visible last frame) 0.433, geometry/software raster 1 (visible last frame) 0.296, shading/standard 0.281, geometry/instance cull 0.196, gi/probe blend [compute] 0.149, shading/reflections 0.122, shading/layered 0.080, geometry/instance cull 2 (occlusion) 0.075, ao/gtao 0.066, geometry/software raster 2 (newly visible) 0.056, temporal/TAA resolve 0.055, post/bloom 0.041, geometry/cluster cull 2 (occlusion) 0.032, sky/sky-view table [compute] 0.032, geometry/meshlet pass 2 (newly visible) 0.029, sky/irradiance [compute] 0.028, sky/aerial perspective [compute] 0.027, sky/compose 0.024, ao/depth chain 0.023, geometry/software raster merge 0.023, geometry/depth pyramid 0.023, ao/denoise 0.017, geometry/cell cull 0.015, gi/probe state [compute] 0.012, temporal/motion vectors 0.010, geometry/cell cull 2 (occlusion) 0.006, geometry/cull clears 0.005, sky/atmosphere tables 0.003, shading/ice 0.003, app/present 0.000, app/end of frame 0.000
2026-09-26T06:42:33.878479Z  INFO forge_app: cpu: 2.769 ms per frame over 121 frames: cpu/wait for GPU (frame slot) 2.379, cpu/acquire swapchain image 0.001, cpu/record commands 0.238, cpu/submit + present 0.151, cpu/update 0.000
2026-09-26T06:42:33.878517Z  INFO city_blocks: frame times (ms) over the run frames=120 p50="2.77" p99="5.62" max="5.92"
2026-09-26T06:42:33.930072Z  INFO forge_app: exited cleanly frames=121
