2026-09-26T06:42:34.123549Z  INFO forge_app: window placed monitor=Some("\\\\.\\DISPLAY2") x=-2560 y=0 monitors=2
2026-09-26T06:42:34.266875Z  INFO forge_gpu::device: mesh shaders left disabled (fallback paths forced)
2026-09-26T06:42:34.266890Z  INFO forge_gpu::device: selected GPU device=NVIDIA GeForce RTX 5070 Ti features=DeviceFeatures { mesh_shader: false, ray_query: true, sampler_minmax: true, memory_budget: true, index_type_uint8: true, int64_atomics: true }
2026-09-26T06:42:34.339411Z  INFO forge_gpu::device: queue families graphics=0 compute=Some(2) transfer=Some(1)
2026-09-26T06:42:34.353390Z  INFO forge_gpu::swapchain: swapchain created extent=Extent2D { width: 1600, height: 900 } present_mode=MAILBOX format=B8G8R8A8_SRGB images=3
2026-09-26T06:42:34.493551Z  INFO forge_gpu::shader: shader compiler slangc=C:\VulkanSDK\1.4.357.0\Bin\slangc.exe version=2026.13.1-1-g84792eb15
2026-09-26T06:42:34.510033Z  INFO forge_app::overlay: overlay font ready cell_w=9 cell_h=20
2026-09-26T06:42:34.520507Z  INFO forge_gpu::graph: render graph transients laid out transients=0 heap_bytes=0 requested_bytes=0 aliased=false
2026-09-26T06:42:34.616051Z  INFO city_blocks: prop ready prop=house-narrow triangles=516996 clusters=12460 levels=16 roots=2 fill=0.67 ms=10 from_cache=true
2026-09-26T06:42:34.616100Z  INFO city_blocks: prop ready prop=house-wide triangles=632360 clusters=15067 levels=14 roots=1 fill=0.68 ms=13 from_cache=true
2026-09-26T06:42:34.616152Z  INFO city_blocks: prop ready prop=corner-block triangles=1218700 clusters=29335 levels=15 roots=1 fill=0.67 ms=29 from_cache=true
2026-09-26T06:42:34.616187Z  INFO city_blocks: prop ready prop=terrace triangles=828024 clusters=19846 levels=14 roots=2 fill=0.67 ms=24 from_cache=true
2026-09-26T06:42:34.616238Z  INFO city_blocks: prop ready prop=apartments triangles=1515320 clusters=36583 levels=16 roots=2 fill=0.67 ms=31 from_cache=true
2026-09-26T06:42:34.616304Z  INFO city_blocks: prop ready prop=office triangles=2031844 clusters=49124 levels=15 roots=1 fill=0.67 ms=39 from_cache=true
2026-09-26T06:42:34.616376Z  INFO city_blocks: prop ready prop=hotel triangles=2224996 clusters=53950 levels=16 roots=1 fill=0.66 ms=42 from_cache=true
2026-09-26T06:42:34.616412Z  INFO city_blocks: prop ready prop=warehouse triangles=1004636 clusters=23955 levels=15 roots=1 fill=0.68 ms=24 from_cache=true
2026-09-26T06:42:34.616446Z  INFO city_blocks: prop ready prop=school triangles=925772 clusters=22145 levels=14 roots=2 fill=0.67 ms=29 from_cache=true
2026-09-26T06:42:34.616469Z  INFO city_blocks: prop ready prop=clinic triangles=614396 clusters=14775 levels=14 roots=1 fill=0.67 ms=12 from_cache=true
2026-09-26T06:42:34.616570Z  INFO city_blocks: prop ready prop=tower-slim triangles=2831692 clusters=68753 levels=16 roots=1 fill=0.66 ms=73 from_cache=true
2026-09-26T06:42:34.616672Z  INFO city_blocks: prop ready prop=tower-wide triangles=3020748 clusters=73848 levels=16 roots=2 fill=0.66 ms=80 from_cache=true
2026-09-26T06:42:34.616691Z  INFO city_blocks: prop ready prop=boulder-1 triangles=529200 clusters=12638 levels=14 roots=1 fill=0.67 ms=12 from_cache=true
2026-09-26T06:42:34.616722Z  INFO city_blocks: prop ready prop=boulder-2 triangles=750000 clusters=17887 levels=14 roots=1 fill=0.68 ms=23 from_cache=true
2026-09-26T06:42:34.616742Z  INFO city_blocks: prop ready prop=boulder-3 triangles=504300 clusters=12020 levels=13 roots=1 fill=0.68 ms=13 from_cache=true
2026-09-26T06:42:34.616763Z  INFO city_blocks: prop ready prop=rubble-1 triangles=559872 clusters=13337 levels=16 roots=3 fill=0.68 ms=13 from_cache=true
2026-09-26T06:42:34.616794Z  INFO city_blocks: prop ready prop=rubble-2 triangles=870912 clusters=20792 levels=16 roots=2 fill=0.68 ms=18 from_cache=true
2026-09-26T06:42:34.616855Z  INFO city_blocks: prop ready prop=column triangles=1839104 clusters=44750 levels=15 roots=1 fill=0.66 ms=49 from_cache=true
2026-09-26T06:42:34.616953Z  INFO city_blocks: prop ready prop=fountain triangles=2794400 clusters=68656 levels=16 roots=1 fill=0.66 ms=72 from_cache=true
2026-09-26T06:42:34.616976Z  INFO city_blocks: prop ready prop=lamp-post triangles=612352 clusters=15143 levels=14 roots=1 fill=0.65 ms=13 from_cache=true
2026-09-26T06:42:34.638530Z  INFO forge_render::meshlet: depth pyramid created hzb_width=1024 hzb_height=512 mips=11
2026-09-26T06:42:34.638561Z  INFO forge_render::meshlet: depth pyramid created hzb_width=1024 hzb_height=512 mips=11
2026-09-26T06:42:34.640941Z  INFO forge_render::meshlet: meshlet renderer ready path="indirect-count fallback" visible_capacity=65536
2026-09-26T06:42:35.027380Z  INFO city_blocks: city textures textures=8 mib=10 ms=121
2026-09-26T06:42:35.522592Z  INFO city_blocks: gallery ready props=20 triangles=25825624 clusters=625064 prop_ms_sum=618 wall_ms=854
2026-09-26T06:42:35.546295Z  INFO city_blocks: diffuse light probes probes=34560 cascades=5 spacing_m=4.0 rays=128 mib=84.9
2026-09-26T06:42:35.546475Z  INFO forge_app::loading: loaded prepared_ms=110 total_ms=1035
2026-09-26T06:42:35.546525Z  INFO forge_render::meshlet: cull work list reserved from=16384 to=19542
2026-09-26T06:42:35.546887Z  INFO forge_gpu::graph: render graph transients laid out transients=9 heap_bytes=45875200 requested_bytes=72106496 aliased=true
2026-09-26T06:42:35.564743Z  INFO city_blocks: sky light, per unit of sun illuminance roof=0.074 floor=0.286 wall_to_sun=0.204 wall_away=0.194 sun_on_roof=0.772
2026-09-26T06:42:35.586706Z  INFO forge_app: captured frame 60 path=../forge-engine/captures/after/fb-gallery60.png
2026-09-26T06:42:35.588006Z  INFO forge_app: memory: VRAM 1449.5 of 15227.0 MiB (9.5%); allocated 1094.39 MiB in 1406.5 MiB of blocks: geometry 900.27, render targets 94.67, transient heap 43.75, textures 14.85, GPU work buffers 40.34, per-frame data 0.50, staging + readback 0.00, outside the allocator 144.1 MiB; uploads 2.10 KiB/frame (3.02 MiB/s), read back 92.29 KiB/frame
2026-09-26T06:42:35.588030Z  INFO forge_app: gpu: 0.569 ms per frame over 59 frames: gi/probe rays [compute] 0.150, shading/standard 0.070, gi/probe blend [compute] 0.055, temporal/TAA resolve 0.055, geometry/meshlet pass 1 (visible last frame) 0.052, post/bloom 0.040, ao/gtao 0.028, geometry/instance cull 0.024, geometry/depth pyramid 0.024, ao/depth chain 0.024, sky/sky-view table [compute] 0.023, sky/compose 0.022, shading/reflections 0.022, ao/denoise 0.020, geometry/cluster cull 1 (visible last frame) 0.018, sky/irradiance [compute] 0.018, sky/aerial perspective [compute] 0.013, geometry/cluster cull 2 (occlusion) 0.011, temporal/motion vectors 0.010, sky/atmosphere tables 0.007, geometry/meshlet pass 2 (newly visible) 0.006, gi/probe state [compute] 0.003, geometry/cull clears 0.003, shading/ice 0.003, shading/layered 0.001, app/end of frame 0.000, app/present 0.000
2026-09-26T06:42:35.588037Z  INFO forge_app: cpu: 0.542 ms per frame over 61 frames: cpu/wait for GPU (frame slot) 0.270, cpu/acquire swapchain image 0.001, cpu/record commands 0.147, cpu/submit + present 0.125, cpu/update 0.000
2026-09-26T06:42:35.588075Z  INFO city_blocks: frame times (ms) over the run frames=60 p50="0.54" p99="1.17" max="1.19"
2026-09-26T06:42:35.643886Z  INFO forge_app: exited cleanly frames=61
