2026-09-26T06:41:29.838757Z  INFO forge_app: window placed monitor=Some("\\\\.\\DISPLAY2") x=-2560 y=0 monitors=2
2026-09-26T06:41:29.984748Z  INFO forge_gpu::device: selected GPU device=NVIDIA GeForce RTX 5070 Ti features=DeviceFeatures { mesh_shader: true, ray_query: true, sampler_minmax: true, memory_budget: true, index_type_uint8: true, int64_atomics: true }
2026-09-26T06:41:30.058968Z  INFO forge_gpu::device: queue families graphics=0 compute=Some(2) transfer=Some(1)
2026-09-26T06:41:30.072838Z  INFO forge_gpu::swapchain: swapchain created extent=Extent2D { width: 1600, height: 900 } present_mode=MAILBOX format=B8G8R8A8_SRGB images=3
2026-09-26T06:41:30.213129Z  INFO forge_gpu::shader: shader compiler slangc=C:\VulkanSDK\1.4.357.0\Bin\slangc.exe version=2026.13.1-1-g84792eb15
2026-09-26T06:41:30.229102Z  INFO forge_app::overlay: overlay font ready cell_w=9 cell_h=20
2026-09-26T06:41:30.240349Z  INFO forge_render::meshlet: depth pyramid created hzb_width=1024 hzb_height=512 mips=11
2026-09-26T06:41:30.240374Z  INFO forge_render::meshlet: depth pyramid created hzb_width=1024 hzb_height=512 mips=11
2026-09-26T06:41:30.242742Z  INFO forge_render::meshlet: meshlet renderer ready path="mesh shaders" visible_capacity=65536
2026-09-26T06:41:30.414435Z  INFO meshlets: asteroid mesh built pages=27 triangles=110592 meshlets=2634 cone_cullable_pct=71.0 mean_cone_cutoff="0.948" ms=154
2026-09-26T06:41:30.417820Z  INFO meshlets: scene ready instances=1152 meshlets_per_instance=2634 total_triangles=127401984
2026-09-26T06:41:30.418054Z  INFO forge_render::meshlet: visible-cluster list reserved from=65536 to=1375488 list_mib=10.5
2026-09-26T06:41:30.418175Z  INFO forge_render::meshlet: cull work list reserved from=16384 to=95616
2026-09-26T06:41:30.418549Z  INFO forge_gpu::graph: render graph transients laid out transients=3 heap_bytes=19660800 requested_bytes=26214400 aliased=true
2026-09-26T06:41:30.434270Z  INFO forge_render::meshlet: pass 2 reject list grown wanted=817728 from=65536 to=1048576
2026-09-26T06:41:30.571285Z  INFO forge_app: captured frame 120 path=../forge-engine/captures/after/mesh-nolod120.png
2026-09-26T06:41:30.572425Z  INFO forge_app: memory: VRAM 372.6 of 15227.0 MiB (2.4%); allocated 94.81 MiB in 384.0 MiB of blocks: geometry 3.75, render targets 16.32, transient heap 18.75, textures 4.17, GPU work buffers 51.32, per-frame data 0.50, staging + readback 0.00, outside the allocator 89.7 MiB; uploads 1.49 KiB/frame (1.14 MiB/s), read back 46.56 KiB/frame
2026-09-26T06:41:30.572442Z  INFO forge_app: gpu: 1.150 ms per frame over 119 frames: geometry/software raster 1 (visible last frame) 0.523, geometry/cluster cull 1 (visible last frame) 0.178, geometry/meshlet pass 1 (visible last frame) 0.110, geometry/cluster cull 2 (occlusion) 0.077, shading/standard 0.073, geometry/meshlet pass 2 (newly visible) 0.062, geometry/software raster merge 0.027, geometry/depth pyramid 0.027, geometry/software raster 2 (newly visible) 0.025, post/display transform 0.015, geometry/instance cull 0.015, shading/ice 0.011, geometry/cull clears 0.005, shading/layered 0.001, app/end of frame 0.000, app/present 0.000
2026-09-26T06:41:30.572451Z  INFO forge_app: cpu: 1.118 ms per frame over 121 frames: cpu/update 0.000, cpu/wait for GPU (frame slot) 0.901, cpu/acquire swapchain image 0.001, cpu/record commands 0.091, cpu/submit + present 0.125
2026-09-26T06:41:30.609305Z  INFO forge_app: exited cleanly frames=121
