2026-09-26T06:34:59.090270Z  INFO forge_app: window placed monitor=Some("\\\\.\\DISPLAY2") x=-2560 y=0 monitors=2
2026-09-26T06:34:59.228934Z  INFO forge_gpu::device: selected GPU device=NVIDIA GeForce RTX 5070 Ti features=DeviceFeatures { mesh_shader: true, ray_query: true, sampler_minmax: true, memory_budget: true, index_type_uint8: true, int64_atomics: true }
2026-09-26T06:34:59.305105Z  INFO forge_gpu::device: queue families graphics=0 compute=Some(2) transfer=Some(1)
2026-09-26T06:34:59.318966Z  INFO forge_gpu::swapchain: swapchain created extent=Extent2D { width: 1600, height: 900 } present_mode=MAILBOX format=B8G8R8A8_SRGB images=3
2026-09-26T06:34:59.455899Z  INFO forge_gpu::shader: shader compiler slangc=C:\VulkanSDK\1.4.357.0\Bin\slangc.exe version=2026.13.1-1-g84792eb15
2026-09-26T06:34:59.471894Z  INFO forge_app::overlay: overlay font ready cell_w=9 cell_h=20
2026-09-26T06:34:59.482086Z  INFO forge_gpu::graph: render graph transients laid out transients=0 heap_bytes=0 requested_bytes=0 aliased=false
2026-09-26T06:34:59.632387Z  INFO city_blocks: prop ready prop=house-narrow triangles=516996 clusters=12460 levels=16 roots=2 fill=0.67 ms=9 from_cache=true
2026-09-26T06:34:59.632436Z  INFO city_blocks: prop ready prop=house-wide triangles=632360 clusters=15067 levels=14 roots=1 fill=0.68 ms=12 from_cache=true
2026-09-26T06:34:59.632494Z  INFO city_blocks: prop ready prop=corner-block triangles=1218700 clusters=29335 levels=15 roots=1 fill=0.67 ms=30 from_cache=true
2026-09-26T06:34:59.632529Z  INFO city_blocks: prop ready prop=terrace triangles=828024 clusters=19846 levels=14 roots=2 fill=0.67 ms=25 from_cache=true
2026-09-26T06:34:59.632601Z  INFO city_blocks: prop ready prop=apartments triangles=1515320 clusters=36583 levels=16 roots=2 fill=0.67 ms=38 from_cache=true
2026-09-26T06:34:59.632712Z  INFO city_blocks: prop ready prop=office triangles=2031844 clusters=49124 levels=15 roots=1 fill=0.67 ms=47 from_cache=true
2026-09-26T06:34:59.632831Z  INFO city_blocks: prop ready prop=hotel triangles=2224996 clusters=53950 levels=16 roots=1 fill=0.66 ms=64 from_cache=true
2026-09-26T06:34:59.632885Z  INFO city_blocks: prop ready prop=warehouse triangles=1004636 clusters=23955 levels=15 roots=1 fill=0.68 ms=26 from_cache=true
2026-09-26T06:34:59.632930Z  INFO city_blocks: prop ready prop=school triangles=925772 clusters=22145 levels=14 roots=2 fill=0.67 ms=19 from_cache=true
2026-09-26T06:34:59.632962Z  INFO city_blocks: prop ready prop=clinic triangles=614396 clusters=14775 levels=14 roots=1 fill=0.67 ms=13 from_cache=true
2026-09-26T06:34:59.633102Z  INFO city_blocks: prop ready prop=tower-slim triangles=2831692 clusters=68753 levels=16 roots=1 fill=0.66 ms=71 from_cache=true
2026-09-26T06:34:59.633251Z  INFO city_blocks: prop ready prop=tower-wide triangles=3020748 clusters=73848 levels=16 roots=2 fill=0.66 ms=71 from_cache=true
2026-09-26T06:34:59.633284Z  INFO city_blocks: prop ready prop=boulder-1 triangles=529200 clusters=12638 levels=14 roots=1 fill=0.67 ms=14 from_cache=true
2026-09-26T06:34:59.633328Z  INFO city_blocks: prop ready prop=boulder-2 triangles=750000 clusters=17887 levels=14 roots=1 fill=0.68 ms=25 from_cache=true
2026-09-26T06:34:59.633351Z  INFO city_blocks: prop ready prop=boulder-3 triangles=504300 clusters=12020 levels=13 roots=1 fill=0.68 ms=15 from_cache=true
2026-09-26T06:34:59.633374Z  INFO city_blocks: prop ready prop=rubble-1 triangles=559872 clusters=13337 levels=16 roots=3 fill=0.68 ms=16 from_cache=true
2026-09-26T06:34:59.633408Z  INFO city_blocks: prop ready prop=rubble-2 triangles=870912 clusters=20792 levels=16 roots=2 fill=0.68 ms=18 from_cache=true
2026-09-26T06:34:59.633489Z  INFO city_blocks: prop ready prop=column triangles=1839104 clusters=44750 levels=15 roots=1 fill=0.66 ms=47 from_cache=true
2026-09-26T06:34:59.633611Z  INFO city_blocks: prop ready prop=fountain triangles=2794400 clusters=68656 levels=16 roots=1 fill=0.66 ms=63 from_cache=true
2026-09-26T06:34:59.633639Z  INFO city_blocks: prop ready prop=lamp-post triangles=612352 clusters=15143 levels=14 roots=1 fill=0.65 ms=12 from_cache=true
2026-09-26T06:34:59.633934Z  INFO city_blocks: prop ready prop=terrain triangles=8000000 clusters=185814 levels=14 roots=173 fill=0.69 ms=158 from_cache=true
2026-09-26T06:34:59.653927Z  INFO forge_render::meshlet: depth pyramid created hzb_width=1024 hzb_height=512 mips=11
2026-09-26T06:34:59.653952Z  INFO forge_render::meshlet: depth pyramid created hzb_width=1024 hzb_height=512 mips=11
2026-09-26T06:34:59.656412Z  INFO forge_render::meshlet: meshlet renderer ready path="mesh shaders" visible_capacity=65536
2026-09-26T06:35:00.150493Z  INFO city_blocks: terrain heights samples=4004001 ms=195
2026-09-26T06:35:00.196348Z  INFO city_blocks: ground layers texels=4000 ms=45
2026-09-26T06:35:00.323781Z  INFO city_blocks: city textures textures=8 mib=10 ms=127
2026-09-26T06:35:00.973130Z  INFO city_blocks: cluster pages pages=7963 mib=995 streamed=false
2026-09-26T06:35:01.253498Z  INFO city_blocks: instances placed placed=1000000 buildings=2304 lamps=9600 plaza_props=180 rocks=987916 ms=2.7 checksum=e0f7e8daa9320ac1 matches_cpu_mirror=true
2026-09-26T06:35:01.253520Z  INFO city_blocks: the scene's offset from the world's origin origin_m=100000.0 f32_spacing_m=0.0078125
2026-09-26T06:35:01.265452Z  INFO city_blocks: acceleration structures blas_triangles=1394328 max_cut_error=1.200 mib=278 hit_data_mib=34 blas_ms=74 tlas_ms=11
2026-09-26T06:35:01.265468Z  INFO city_blocks: city ready instances=1000001 triangles=644610951012 clusters=15383048747 cook_ms=792 wall_ms=1582
2026-09-26T06:35:01.292405Z  INFO city_blocks: diffuse light probes probes=34560 cascades=5 spacing_m=4.0 rays=128 mib=84.9
2026-09-26T06:35:01.297838Z  INFO forge_app::loading: loaded prepared_ms=169 total_ms=1824
2026-09-26T06:35:01.297900Z  INFO forge_render::meshlet: cull work list reserved from=16384 to=1048576
2026-09-26T06:35:01.301238Z  INFO forge_gpu::graph: render graph transients laid out transients=9 heap_bytes=45875200 requested_bytes=72106496 aliased=true
2026-09-26T06:35:01.305871Z  INFO forge_render::meshlet: visible-cluster list grown wanted=965938 from=65536 to=2097152 list_mib=16.0
2026-09-26T06:35:01.312796Z  INFO forge_render::meshlet: pass 2 reject list grown wanted=910339 from=65536 to=1048576
2026-09-26T06:35:01.362511Z  INFO city_blocks: sky light, per unit of sun illuminance roof=0.075 floor=0.286 wall_to_sun=0.204 wall_away=0.195 sun_on_roof=0.772
2026-09-26T06:35:01.436891Z  INFO forge_app: captured frame 60 path=../forge-engine/captures/origins2/city-o100000.png
2026-09-26T06:35:01.438326Z  INFO forge_app: memory: VRAM 2190.4 of 15227.0 MiB (14.4%); allocated 1786.89 MiB in 2147.4 MiB of blocks: geometry 1471.48, render targets 94.67, transient heap 43.75, textures 30.60, GPU work buffers 145.87, per-frame data 0.50, staging + readback 0.00, outside the allocator 144.1 MiB; uploads 2.10 KiB/frame (0.89 MiB/s), read back 92.29 KiB/frame
2026-09-26T06:35:01.438353Z  INFO forge_app: gpu: 2.024 ms per frame over 59 frames: gi/probe rays [compute] 0.765, gi/probe blend [compute] 0.358, shading/standard 0.323, geometry/cluster cull 1 (visible last frame) 0.304, geometry/meshlet pass 1 (visible last frame) 0.268, shading/reflections 0.143, ao/gtao 0.105, shading/layered 0.081, geometry/instance cull 0.079, geometry/software raster 1 (visible last frame) 0.074, geometry/software raster merge 0.058, temporal/TAA resolve 0.055, geometry/depth pyramid 0.045, geometry/cluster cull 2 (occlusion) 0.043, post/bloom 0.041, geometry/instance cull 2 (occlusion) 0.040, sky/aerial perspective [compute] 0.031, ao/depth chain 0.029, geometry/meshlet pass 2 (newly visible) 0.026, sky/sky-view table [compute] 0.025, sky/compose 0.024, sky/irradiance [compute] 0.023, ao/denoise 0.022, geometry/cell cull 0.015, geometry/software raster 2 (newly visible) 0.013, gi/probe state [compute] 0.012, temporal/motion vectors 0.010, geometry/cell cull 2 (occlusion) 0.009, geometry/cull clears 0.008, sky/atmosphere tables 0.007, shading/ice 0.003, app/present 0.000, app/end of frame 0.000
2026-09-26T06:35:01.438364Z  INFO forge_app: cpu: 2.003 ms per frame over 61 frames: cpu/wait for GPU (frame slot) 1.620, cpu/acquire swapchain image 0.001, cpu/record commands 0.246, cpu/submit + present 0.135, cpu/update 0.001
2026-09-26T06:35:01.438401Z  INFO city_blocks: frame times (ms) over the run frames=60 p50="1.93" p99="4.08" max="4.21"
2026-09-26T06:35:01.490343Z  INFO forge_app: exited cleanly frames=61
